{"Value":5,"ID":"1","BlockID":"","Error":false}
{"Value":5,"ID":"1","BlockID":"","Error":false}
